This is pdfTeX, Version 3.141592653-2.6-1.40.24 (TeX Live 2022) (preloaded format=pdflatex 2022.6.14)  11 FEB 2026 13:29
entering extended mode
 restricted \write18 enabled.
 %&-line parsing enabled.
**Tutorial_5_Questions_Only.tex
(./Tutorial_5_Questions_Only.tex
LaTeX2e <2021-11-15> patch level 1
L3 programming layer <2022-02-24>
(/usr/local/texlive/2022/texmf-dist/tex/latex/base/article.cls
Document Class: article 2021/10/04 v1.4n Standard LaTeX document class
(/usr/local/texlive/2022/texmf-dist/tex/latex/base/size11.clo
File: size11.clo 2021/10/04 v1.4n Standard LaTeX file (size option)
)
\c@part=\count185
\c@section=\count186
\c@subsection=\count187
\c@subsubsection=\count188
\c@paragraph=\count189
\c@subparagraph=\count190
\c@figure=\count191
\c@table=\count192
\abovecaptionskip=\skip47
\belowcaptionskip=\skip48
\bibindent=\dimen138
)
(/usr/local/texlive/2022/texmf-dist/tex/latex/base/inputenc.sty
Package: inputenc 2021/02/14 v1.3d Input encoding file
\inpenc@prehook=\toks16
\inpenc@posthook=\toks17
)
(/usr/local/texlive/2022/texmf-dist/tex/latex/base/fontenc.sty
Package: fontenc 2021/04/29 v2.0v Standard LaTeX package
)
(/usr/local/texlive/2022/texmf-dist/tex/latex/amsmath/amsmath.sty
Package: amsmath 2021/10/15 v2.17l AMS math features
\@mathmargin=\skip49

For additional information on amsmath, use the `?' option.
(/usr/local/texlive/2022/texmf-dist/tex/latex/amsmath/amstext.sty
Package: amstext 2021/08/26 v2.01 AMS text

(/usr/local/texlive/2022/texmf-dist/tex/latex/amsmath/amsgen.sty
File: amsgen.sty 1999/11/30 v2.0 generic functions
\@emptytoks=\toks18
\ex@=\dimen139
))
(/usr/local/texlive/2022/texmf-dist/tex/latex/amsmath/amsbsy.sty
Package: amsbsy 1999/11/29 v1.2d Bold Symbols
\pmbraise@=\dimen140
)
(/usr/local/texlive/2022/texmf-dist/tex/latex/amsmath/amsopn.sty
Package: amsopn 2021/08/26 v2.02 operator names
)
\inf@bad=\count193
LaTeX Info: Redefining \frac on input line 234.
\uproot@=\count194
\leftroot@=\count195
LaTeX Info: Redefining \overline on input line 399.
\classnum@=\count196
\DOTSCASE@=\count197
LaTeX Info: Redefining \ldots on input line 496.
LaTeX Info: Redefining \dots on input line 499.
LaTeX Info: Redefining \cdots on input line 620.
\Mathstrutbox@=\box50
\strutbox@=\box51
\big@size=\dimen141
LaTeX Font Info:    Redeclaring font encoding OML on input line 743.
LaTeX Font Info:    Redeclaring font encoding OMS on input line 744.
\macc@depth=\count198
\c@MaxMatrixCols=\count199
\dotsspace@=\muskip16
\c@parentequation=\count266
\dspbrk@lvl=\count267
\tag@help=\toks19
\row@=\count268
\column@=\count269
\maxfields@=\count270
\andhelp@=\toks20
\eqnshift@=\dimen142
\alignsep@=\dimen143
\tagshift@=\dimen144
\tagwidth@=\dimen145
\totwidth@=\dimen146
\lineht@=\dimen147
\@envbody=\toks21
\multlinegap=\skip50
\multlinetaggap=\skip51
\mathdisplay@stack=\toks22
LaTeX Info: Redefining \[ on input line 2938.
LaTeX Info: Redefining \] on input line 2939.
)
(/usr/local/texlive/2022/texmf-dist/tex/latex/amsfonts/amssymb.sty
Package: amssymb 2013/01/14 v3.01 AMS font symbols

(/usr/local/texlive/2022/texmf-dist/tex/latex/amsfonts/amsfonts.sty
Package: amsfonts 2013/01/14 v3.01 Basic AMSFonts support
\symAMSa=\mathgroup4
\symAMSb=\mathgroup5
LaTeX Font Info:    Redeclaring math symbol \hbar on input line 98.
LaTeX Font Info:    Overwriting math alphabet `\mathfrak' in version `bold'
(Font)                  U/euf/m/n --> U/euf/b/n on input line 106.
))
(/usr/local/texlive/2022/texmf-dist/tex/latex/amscls/amsthm.sty
Package: amsthm 2020/05/29 v2.20.6
\thm@style=\toks23
\thm@bodyfont=\toks24
\thm@headfont=\toks25
\thm@notefont=\toks26
\thm@headpunct=\toks27
\thm@preskip=\skip52
\thm@postskip=\skip53
\thm@headsep=\skip54
\dth@everypar=\toks28
)
(/usr/local/texlive/2022/texmf-dist/tex/latex/enumitem/enumitem.sty
Package: enumitem 2019/06/20 v3.9 Customized lists
\enitkv@toks@=\toks29
\labelindent=\skip55
\enit@outerparindent=\dimen148
\enit@toks=\toks30
\enit@inbox=\box52
\enit@count@id=\count271
\enitdp@description=\count272
)
(/usr/local/texlive/2022/texmf-dist/tex/latex/geometry/geometry.sty
Package: geometry 2020/01/02 v5.9 Page Geometry

(/usr/local/texlive/2022/texmf-dist/tex/latex/graphics/keyval.sty
Package: keyval 2014/10/28 v1.15 key=value parser (DPC)
\KV@toks@=\toks31
)
(/usr/local/texlive/2022/texmf-dist/tex/generic/iftex/ifvtex.sty
Package: ifvtex 2019/10/25 v1.7 ifvtex legacy package. Use iftex instead.

(/usr/local/texlive/2022/texmf-dist/tex/generic/iftex/iftex.sty
Package: iftex 2022/02/03 v1.0f TeX engine tests
))
\Gm@cnth=\count273
\Gm@cntv=\count274
\c@Gm@tempcnt=\count275
\Gm@bindingoffset=\dimen149
\Gm@wd@mp=\dimen150
\Gm@odd@mp=\dimen151
\Gm@even@mp=\dimen152
\Gm@layoutwidth=\dimen153
\Gm@layoutheight=\dimen154
\Gm@layouthoffset=\dimen155
\Gm@layoutvoffset=\dimen156
\Gm@dimlist=\toks32
)
(/usr/local/texlive/2022/texmf-dist/tex/latex/booktabs/booktabs.sty
Package: booktabs 2020/01/12 v1.61803398 Publication quality tables
\heavyrulewidth=\dimen157
\lightrulewidth=\dimen158
\cmidrulewidth=\dimen159
\belowrulesep=\dimen160
\belowbottomsep=\dimen161
\aboverulesep=\dimen162
\abovetopsep=\dimen163
\cmidrulesep=\dimen164
\cmidrulekern=\dimen165
\defaultaddspace=\dimen166
\@cmidla=\count276
\@cmidlb=\count277
\@aboverulesep=\dimen167
\@belowrulesep=\dimen168
\@thisruleclass=\count278
\@lastruleclass=\count279
\@thisrulewidth=\dimen169
)
(/usr/local/texlive/2022/texmf-dist/tex/latex/xcolor/xcolor.sty
Package: xcolor 2021/10/31 v2.13 LaTeX color extensions (UK)

(/usr/local/texlive/2022/texmf-dist/tex/latex/graphics-cfg/color.cfg
File: color.cfg 2016/01/02 v1.6 sample color configuration
)
Package xcolor Info: Driver file: pdftex.def on input line 227.

(/usr/local/texlive/2022/texmf-dist/tex/latex/graphics-def/pdftex.def
File: pdftex.def 2020/10/05 v1.2a Graphics/color driver for pdftex
)
Package xcolor Info: Model `cmy' substituted by `cmy0' on input line 1352.
Package xcolor Info: Model `hsb' substituted by `rgb' on input line 1356.
Package xcolor Info: Model `RGB' extended on input line 1368.
Package xcolor Info: Model `HTML' substituted by `rgb' on input line 1370.
Package xcolor Info: Model `Hsb' substituted by `hsb' on input line 1371.
Package xcolor Info: Model `tHsb' substituted by `hsb' on input line 1372.
Package xcolor Info: Model `HSB' substituted by `hsb' on input line 1373.
Package xcolor Info: Model `Gray' substituted by `gray' on input line 1374.
Package xcolor Info: Model `wave' substituted by `hsb' on input line 1375.
)
(/usr/local/texlive/2022/texmf-dist/tex/latex/titlesec/titlesec.sty
Package: titlesec 2021/07/05 v2.14 Sectioning titles
\ttl@box=\box53
\beforetitleunit=\skip56
\aftertitleunit=\skip57
\ttl@plus=\dimen170
\ttl@minus=\dimen171
\ttl@toksa=\toks33
\titlewidth=\dimen172
\titlewidthlast=\dimen173
\titlewidthfirst=\dimen174
)
(/usr/local/texlive/2022/texmf-dist/tex/latex/hyperref/hyperref.sty
Package: hyperref 2022-02-21 v7.00n Hypertext links for LaTeX

(/usr/local/texlive/2022/texmf-dist/tex/generic/ltxcmds/ltxcmds.sty
Package: ltxcmds 2020-05-10 v1.25 LaTeX kernel commands for general use (HO)
)
(/usr/local/texlive/2022/texmf-dist/tex/generic/pdftexcmds/pdftexcmds.sty
Package: pdftexcmds 2020-06-27 v0.33 Utility functions of pdfTeX for LuaTeX (HO
)

(/usr/local/texlive/2022/texmf-dist/tex/generic/infwarerr/infwarerr.sty
Package: infwarerr 2019/12/03 v1.5 Providing info/warning/error messages (HO)
)
Package pdftexcmds Info: \pdf@primitive is available.
Package pdftexcmds Info: \pdf@ifprimitive is available.
Package pdftexcmds Info: \pdfdraftmode found.
)
(/usr/local/texlive/2022/texmf-dist/tex/generic/kvsetkeys/kvsetkeys.sty
Package: kvsetkeys 2019/12/15 v1.18 Key value parser (HO)
)
(/usr/local/texlive/2022/texmf-dist/tex/generic/kvdefinekeys/kvdefinekeys.sty
Package: kvdefinekeys 2019-12-19 v1.6 Define keys (HO)
)
(/usr/local/texlive/2022/texmf-dist/tex/generic/pdfescape/pdfescape.sty
Package: pdfescape 2019/12/09 v1.15 Implements pdfTeX's escape features (HO)
)
(/usr/local/texlive/2022/texmf-dist/tex/latex/hycolor/hycolor.sty
Package: hycolor 2020-01-27 v1.10 Color options for hyperref/bookmark (HO)
)
(/usr/local/texlive/2022/texmf-dist/tex/latex/letltxmacro/letltxmacro.sty
Package: letltxmacro 2019/12/03 v1.6 Let assignment for LaTeX macros (HO)
)
(/usr/local/texlive/2022/texmf-dist/tex/latex/auxhook/auxhook.sty
Package: auxhook 2019-12-17 v1.6 Hooks for auxiliary files (HO)
)
(/usr/local/texlive/2022/texmf-dist/tex/latex/kvoptions/kvoptions.sty
Package: kvoptions 2020-10-07 v3.14 Key value format for package options (HO)
)
\@linkdim=\dimen175
\Hy@linkcounter=\count280
\Hy@pagecounter=\count281

(/usr/local/texlive/2022/texmf-dist/tex/latex/hyperref/pd1enc.def
File: pd1enc.def 2022-02-21 v7.00n Hyperref: PDFDocEncoding definition (HO)
Now handling font encoding PD1 ...
... no UTF-8 mapping file for font encoding PD1
)
(/usr/local/texlive/2022/texmf-dist/tex/generic/intcalc/intcalc.sty
Package: intcalc 2019/12/15 v1.3 Expandable calculations with integers (HO)
)
(/usr/local/texlive/2022/texmf-dist/tex/generic/etexcmds/etexcmds.sty
Package: etexcmds 2019/12/15 v1.7 Avoid name clashes with e-TeX commands (HO)
)
\Hy@SavedSpaceFactor=\count282

(/usr/local/texlive/2022/texmf-dist/tex/latex/hyperref/puenc.def
File: puenc.def 2022-02-21 v7.00n Hyperref: PDF Unicode definition (HO)
Now handling font encoding PU ...
... no UTF-8 mapping file for font encoding PU
)
Package hyperref Info: Hyper figures OFF on input line 4137.
Package hyperref Info: Link nesting OFF on input line 4142.
Package hyperref Info: Hyper index ON on input line 4145.
Package hyperref Info: Plain pages OFF on input line 4152.
Package hyperref Info: Backreferencing OFF on input line 4157.
Package hyperref Info: Implicit mode ON; LaTeX internals redefined.
Package hyperref Info: Bookmarks ON on input line 4390.
\c@Hy@tempcnt=\count283

(/usr/local/texlive/2022/texmf-dist/tex/latex/url/url.sty
\Urlmuskip=\muskip17
Package: url 2013/09/16  ver 3.4  Verb mode for urls, etc.
)
LaTeX Info: Redefining \url on input line 4749.
\XeTeXLinkMargin=\dimen176

(/usr/local/texlive/2022/texmf-dist/tex/generic/bitset/bitset.sty
Package: bitset 2019/12/09 v1.3 Handle bit-vector datatype (HO)

(/usr/local/texlive/2022/texmf-dist/tex/generic/bigintcalc/bigintcalc.sty
Package: bigintcalc 2019/12/15 v1.5 Expandable calculations on big integers (HO
)
))
\Fld@menulength=\count284
\Field@Width=\dimen177
\Fld@charsize=\dimen178
Package hyperref Info: Hyper figures OFF on input line 6027.
Package hyperref Info: Link nesting OFF on input line 6032.
Package hyperref Info: Hyper index ON on input line 6035.
Package hyperref Info: backreferencing OFF on input line 6042.
Package hyperref Info: Link coloring OFF on input line 6047.
Package hyperref Info: Link coloring with OCG OFF on input line 6052.
Package hyperref Info: PDF/A mode OFF on input line 6057.
LaTeX Info: Redefining \ref on input line 6097.
LaTeX Info: Redefining \pageref on input line 6101.

(/usr/local/texlive/2022/texmf-dist/tex/latex/base/atbegshi-ltx.sty
Package: atbegshi-ltx 2021/01/10 v1.0c Emulation of the original atbegshi
package with kernel methods
)
\Hy@abspage=\count285
\c@Item=\count286
\c@Hfootnote=\count287
)
Package hyperref Info: Driver (autodetected): hpdftex.

(/usr/local/texlive/2022/texmf-dist/tex/latex/hyperref/hpdftex.def
File: hpdftex.def 2022-02-21 v7.00n Hyperref driver for pdfTeX

(/usr/local/texlive/2022/texmf-dist/tex/latex/base/atveryend-ltx.sty
Package: atveryend-ltx 2020/08/19 v1.0a Emulation of the original atveryend pac
kage
with kernel methods
)
\Fld@listcount=\count288
\c@bookmark@seq@number=\count289

(/usr/local/texlive/2022/texmf-dist/tex/latex/rerunfilecheck/rerunfilecheck.sty
Package: rerunfilecheck 2019/12/05 v1.9 Rerun checks for auxiliary files (HO)

(/usr/local/texlive/2022/texmf-dist/tex/generic/uniquecounter/uniquecounter.sty
Package: uniquecounter 2019/12/15 v1.4 Provide unlimited unique counter (HO)
)
Package uniquecounter Info: New unique counter `rerunfilecheck' on input line 2
86.
)
\Hy@SectionHShift=\skip58
) (/usr/local/texlive/2022/texmf-dist/tex/latex/parskip/parskip.sty
Package: parskip 2021-03-14 v2.0h non-zero parskip adjustments

(/usr/local/texlive/2022/texmf-dist/tex/latex/etoolbox/etoolbox.sty
Package: etoolbox 2020/10/05 v2.5k e-TeX tools for LaTeX (JAW)
\etb@tempcnta=\count290
))
(/usr/local/texlive/2022/texmf-dist/tex/latex/mdframed/mdframed.sty
Package: mdframed 2013/07/01 1.9b: mdframed

(/usr/local/texlive/2022/texmf-dist/tex/latex/l3packages/xparse/xparse.sty
(/usr/local/texlive/2022/texmf-dist/tex/latex/l3kernel/expl3.sty
Package: expl3 2022-02-24 L3 programming layer (loader) 

(/usr/local/texlive/2022/texmf-dist/tex/latex/l3backend/l3backend-pdftex.def
File: l3backend-pdftex.def 2022-02-07 L3 backend support: PDF output (pdfTeX)
\l__color_backend_stack_int=\count291
\l__pdf_internal_box=\box54
))
Package: xparse 2022-01-12 L3 Experimental document command parser
) (/usr/local/texlive/2022/texmf-dist/tex/latex/zref/zref-abspage.sty
Package: zref-abspage 2020-07-03 v2.32 Module abspage for zref (HO)

(/usr/local/texlive/2022/texmf-dist/tex/latex/zref/zref-base.sty
Package: zref-base 2020-07-03 v2.32 Module base for zref (HO)
Package zref Info: New property list: main on input line 764.
Package zref Info: New property: default on input line 765.
Package zref Info: New property: page on input line 766.
)
\c@abspage=\count292
Package zref Info: New property: abspage on input line 66.
)
(/usr/local/texlive/2022/texmf-dist/tex/latex/needspace/needspace.sty
Package: needspace 2010/09/12 v1.3d reserve vertical space
)
\mdf@templength=\skip59
\c@mdf@globalstyle@cnt=\count293
\mdf@skipabove@length=\skip60
\mdf@skipbelow@length=\skip61
\mdf@leftmargin@length=\skip62
\mdf@rightmargin@length=\skip63
\mdf@innerleftmargin@length=\skip64
\mdf@innerrightmargin@length=\skip65
\mdf@innertopmargin@length=\skip66
\mdf@innerbottommargin@length=\skip67
\mdf@splittopskip@length=\skip68
\mdf@splitbottomskip@length=\skip69
\mdf@outermargin@length=\skip70
\mdf@innermargin@length=\skip71
\mdf@linewidth@length=\skip72
\mdf@innerlinewidth@length=\skip73
\mdf@middlelinewidth@length=\skip74
\mdf@outerlinewidth@length=\skip75
\mdf@roundcorner@length=\skip76
\mdf@footenotedistance@length=\skip77
\mdf@userdefinedwidth@length=\skip78
\mdf@needspace@length=\skip79
\mdf@frametitleaboveskip@length=\skip80
\mdf@frametitlebelowskip@length=\skip81
\mdf@frametitlerulewidth@length=\skip82
\mdf@frametitleleftmargin@length=\skip83
\mdf@frametitlerightmargin@length=\skip84
\mdf@shadowsize@length=\skip85
\mdf@extratopheight@length=\skip86
\mdf@subtitleabovelinewidth@length=\skip87
\mdf@subtitlebelowlinewidth@length=\skip88
\mdf@subtitleaboveskip@length=\skip89
\mdf@subtitlebelowskip@length=\skip90
\mdf@subtitleinneraboveskip@length=\skip91
\mdf@subtitleinnerbelowskip@length=\skip92
\mdf@subsubtitleabovelinewidth@length=\skip93
\mdf@subsubtitlebelowlinewidth@length=\skip94
\mdf@subsubtitleaboveskip@length=\skip95
\mdf@subsubtitlebelowskip@length=\skip96
\mdf@subsubtitleinneraboveskip@length=\skip97
\mdf@subsubtitleinnerbelowskip@length=\skip98

(/usr/local/texlive/2022/texmf-dist/tex/latex/mdframed/md-frame-0.mdf
File: md-frame-0.mdf 2013/07/01\ 1.9b: md-frame-0
)
\mdf@frametitlebox=\box55
\mdf@footnotebox=\box56
\mdf@splitbox@one=\box57
\mdf@splitbox@two=\box58
\mdf@splitbox@save=\box59
\mdfsplitboxwidth=\skip99
\mdfsplitboxtotalwidth=\skip100
\mdfsplitboxheight=\skip101
\mdfsplitboxdepth=\skip102
\mdfsplitboxtotalheight=\skip103
\mdfframetitleboxwidth=\skip104
\mdfframetitleboxtotalwidth=\skip105
\mdfframetitleboxheight=\skip106
\mdfframetitleboxdepth=\skip107
\mdfframetitleboxtotalheight=\skip108
\mdffootnoteboxwidth=\skip109
\mdffootnoteboxtotalwidth=\skip110
\mdffootnoteboxheight=\skip111
\mdffootnoteboxdepth=\skip112
\mdffootnoteboxtotalheight=\skip113
\mdftotallinewidth=\skip114
\mdfboundingboxwidth=\skip115
\mdfboundingboxtotalwidth=\skip116
\mdfboundingboxheight=\skip117
\mdfboundingboxdepth=\skip118
\mdfboundingboxtotalheight=\skip119
\mdf@freevspace@length=\skip120
\mdf@horizontalwidthofbox@length=\skip121
\mdf@verticalmarginwhole@length=\skip122
\mdf@horizontalspaceofbox=\skip123
\mdfsubtitleheight=\skip124
\mdfsubsubtitleheight=\skip125
\c@mdfcountframes=\count294

****** mdframed patching \endmdf@trivlist

****** -- success******

\mdf@envdepth=\count295
\c@mdf@env@i=\count296
\c@mdf@env@ii=\count297
\c@mdf@zref@counter=\count298
Package zref Info: New property: mdf@pagevalue on input line 895.
)
(./Tutorial_5_Questions_Only.aux)
\openout1 = `Tutorial_5_Questions_Only.aux'.

LaTeX Font Info:    Checking defaults for OML/cmm/m/it on input line 60.
LaTeX Font Info:    ... okay on input line 60.
LaTeX Font Info:    Checking defaults for OMS/cmsy/m/n on input line 60.
LaTeX Font Info:    ... okay on input line 60.
LaTeX Font Info:    Checking defaults for OT1/cmr/m/n on input line 60.
LaTeX Font Info:    ... okay on input line 60.
LaTeX Font Info:    Checking defaults for T1/cmr/m/n on input line 60.
LaTeX Font Info:    ... okay on input line 60.
LaTeX Font Info:    Checking defaults for TS1/cmr/m/n on input line 60.
LaTeX Font Info:    ... okay on input line 60.
LaTeX Font Info:    Checking defaults for OMX/cmex/m/n on input line 60.
LaTeX Font Info:    ... okay on input line 60.
LaTeX Font Info:    Checking defaults for U/cmr/m/n on input line 60.
LaTeX Font Info:    ... okay on input line 60.
LaTeX Font Info:    Checking defaults for PD1/pdf/m/n on input line 60.
LaTeX Font Info:    ... okay on input line 60.
LaTeX Font Info:    Checking defaults for PU/pdf/m/n on input line 60.
LaTeX Font Info:    ... okay on input line 60.

*geometry* driver: auto-detecting
*geometry* detected driver: pdftex
*geometry* verbose mode - [ preamble ] result:
* driver: pdftex
* paper: a4paper
* layout: <same size as paper>
* layoutoffset:(h,v)=(0.0pt,0.0pt)
* modes: 
* h-part:(L,W,R)=(62.59596pt, 472.31595pt, 62.59596pt)
* v-part:(T,H,B)=(62.59596pt, 719.85492pt, 62.59596pt)
* \paperwidth=597.50787pt
* \paperheight=845.04684pt
* \textwidth=472.31595pt
* \textheight=719.85492pt
* \oddsidemargin=-9.67403pt
* \evensidemargin=-9.67403pt
* \topmargin=-46.67403pt
* \headheight=12.0pt
* \headsep=25.0pt
* \topskip=11.0pt
* \footskip=30.0pt
* \marginparwidth=50.0pt
* \marginparsep=10.0pt
* \columnsep=10.0pt
* \skip\footins=10.0pt plus 4.0pt minus 2.0pt
* \hoffset=0.0pt
* \voffset=0.0pt
* \mag=1000
* \@twocolumnfalse
* \@twosidefalse
* \@mparswitchfalse
* \@reversemarginfalse
* (1in=72.27pt=25.4mm, 1cm=28.453pt)

(/usr/local/texlive/2022/texmf-dist/tex/context/base/mkii/supp-pdf.mkii
[Loading MPS to PDF converter (version 2006.09.02).]
\scratchcounter=\count299
\scratchdimen=\dimen179
\scratchbox=\box60
\nofMPsegments=\count300
\nofMParguments=\count301
\everyMPshowfont=\toks34
\MPscratchCnt=\count302
\MPscratchDim=\dimen180
\MPnumerator=\count303
\makeMPintoPDFobject=\count304
\everyMPtoPDFconversion=\toks35
)
Package hyperref Info: Link coloring OFF on input line 60.
 (/usr/local/texlive/2022/texmf-dist/tex/latex/hyperref/nameref.sty
Package: nameref 2021-04-02 v2.47 Cross-referencing by name of section

(/usr/local/texlive/2022/texmf-dist/tex/latex/refcount/refcount.sty
Package: refcount 2019/12/15 v3.6 Data extraction from label references (HO)
)
(/usr/local/texlive/2022/texmf-dist/tex/generic/gettitlestring/gettitlestring.s
ty
Package: gettitlestring 2019/12/15 v1.6 Cleanup title references (HO)
)
\c@section@level=\count305
)
LaTeX Info: Redefining \ref on input line 60.
LaTeX Info: Redefining \pageref on input line 60.
LaTeX Info: Redefining \nameref on input line 60.
 (./Tutorial_5_Questions_Only.out) (./Tutorial_5_Questions_Only.out)
\@outlinefile=\write3
\openout3 = `Tutorial_5_Questions_Only.out'.

LaTeX Font Info:    Trying to load font information for U+msa on input line 62.


(/usr/local/texlive/2022/texmf-dist/tex/latex/amsfonts/umsa.fd
File: umsa.fd 2013/01/14 v3.01 AMS symbols A
)
LaTeX Font Info:    Trying to load font information for U+msb on input line 62.


(/usr/local/texlive/2022/texmf-dist/tex/latex/amsfonts/umsb.fd
File: umsb.fd 2013/01/14 v3.01 AMS symbols B
)
Package mdframed Info: mdframed detected package amsthm 
 changed the theorem header of amsthm
(mdframed)              on input line 69.
 [1

{/usr/local/texlive/2022/texmf-var/fonts/map/pdftex/updmap/pdftex.map}]
Package mdframed Info: mdframed detected package amsthm 
 changed the theorem header of amsthm
(mdframed)              on input line 95.
Package mdframed Info: mdframed detected package amsthm 
 changed the theorem header of amsthm
(mdframed)              on input line 101.
 [2]
Package mdframed Info: mdframed detected package amsthm 
 changed the theorem header of amsthm
(mdframed)              on input line 111.
Package mdframed Info: mdframed detected package amsthm 
 changed the theorem header of amsthm
(mdframed)              on input line 144.
Package mdframed Info: mdframed detected package amsthm 
 changed the theorem header of amsthm
(mdframed)              on input line 150.
Package mdframed Info: mdframed detected package amsthm 
 changed the theorem header of amsthm
(mdframed)              on input line 156.
 [3
pdfTeX warning (ext4): destination with the same identifier (name{equation.2.1}
) has been already used, duplicate ignored
<argument> ...shipout:D \box_use:N \l_shipout_box 
                                                  \__shipout_drop_firstpage_...
l.157 \end{answerbox}
                     
pdfTeX warning (ext4): destination with the same identifier (name{equation.2.1}
) has been already used, duplicate ignored
<argument> ...shipout:D \box_use:N \l_shipout_box 
                                                  \__shipout_drop_firstpage_...
l.157 \end{answerbox}
                     ]
Package mdframed Info: Not enough space on this page on input line 157.
 [4]
Package mdframed Info: mdframed detected package amsthm 
 changed the theorem header of amsthm
(mdframed)              on input line 174.
Package mdframed Info: mdframed detected package amsthm 
 changed the theorem header of amsthm
(mdframed)              on input line 184.
Package mdframed Info: mdframed detected package amsthm 
 changed the theorem header of amsthm
(mdframed)              on input line 190.
 [5]
Package mdframed Info: mdframed detected package amsthm 
 changed the theorem header of amsthm
(mdframed)              on input line 219.
Package mdframed Info: mdframed detected package amsthm 
 changed the theorem header of amsthm
(mdframed)              on input line 225.
Package mdframed Info: mdframed detected package amsthm 
 changed the theorem header of amsthm
(mdframed)              on input line 231.
Package mdframed Info: mdframed detected package amsthm 
 changed the theorem header of amsthm
(mdframed)              on input line 237.
 [6]
Package mdframed Info: mdframed detected package amsthm 
 changed the theorem header of amsthm
(mdframed)              on input line 247.
Package mdframed Info: mdframed detected package amsthm 
 changed the theorem header of amsthm
(mdframed)              on input line 253.
Package mdframed Info: mdframed detected package amsthm 
 changed the theorem header of amsthm
(mdframed)              on input line 277.

Overfull \vbox (26.85645pt too high) detected at line 278
 []

Package mdframed Info: Box was splittet wrong
 starting loop to iterate the splitting point
(mdframed)              on input line 278.

Overfull \vbox (27.85645pt too high) detected at line 278
 []


Overfull \vbox (28.85645pt too high) detected at line 278
 []


Overfull \vbox (29.85645pt too high) detected at line 278
 []


Overfull \vbox (30.85645pt too high) detected at line 278
 []


Overfull \vbox (31.85645pt too high) detected at line 278
 []


Overfull \vbox (32.85645pt too high) detected at line 278
 []


Overfull \vbox (33.85645pt too high) detected at line 278
 []


Overfull \vbox (34.85645pt too high) detected at line 278
 []


Overfull \vbox (35.85645pt too high) detected at line 278
 []


Overfull \vbox (36.85645pt too high) detected at line 278
 []


Overfull \vbox (37.85645pt too high) detected at line 278
 []


Overfull \vbox (38.85645pt too high) detected at line 278
 []


Overfull \vbox (39.85645pt too high) detected at line 278
 []


Overfull \vbox (40.85645pt too high) detected at line 278
 []


Overfull \vbox (41.85645pt too high) detected at line 278
 []


Overfull \vbox (42.85645pt too high) detected at line 278
 []


Overfull \vbox (43.85645pt too high) detected at line 278
 []


Overfull \vbox (44.85645pt too high) detected at line 278
 []


Overfull \vbox (45.85645pt too high) detected at line 278
 []


Overfull \vbox (46.85645pt too high) detected at line 278
 []


Overfull \vbox (47.85645pt too high) detected at line 278
 []


Overfull \vbox (48.85645pt too high) detected at line 278
 []


Overfull \vbox (49.85645pt too high) detected at line 278
 []


Overfull \vbox (50.85645pt too high) detected at line 278
 []


Overfull \vbox (51.85645pt too high) detected at line 278
 []


Overfull \vbox (52.85645pt too high) detected at line 278
 []


Overfull \vbox (53.85645pt too high) detected at line 278
 []


Overfull \vbox (54.85645pt too high) detected at line 278
 []


Overfull \vbox (55.85645pt too high) detected at line 278
 []


Overfull \vbox (56.85645pt too high) detected at line 278
 []


Overfull \vbox (57.85645pt too high) detected at line 278
 []


Overfull \vbox (58.85645pt too high) detected at line 278
 []


Overfull \vbox (59.85645pt too high) detected at line 278
 []


Overfull \vbox (60.85645pt too high) detected at line 278
 []


Overfull \vbox (61.85645pt too high) detected at line 278
 []


Overfull \vbox (62.85645pt too high) detected at line 278
 []


Overfull \vbox (63.85645pt too high) detected at line 278
 []


Overfull \vbox (64.85645pt too high) detected at line 278
 []


Overfull \vbox (65.85645pt too high) detected at line 278
 []


Overfull \vbox (66.85645pt too high) detected at line 278
 []


Overfull \vbox (67.85645pt too high) detected at line 278
 []


Overfull \vbox (68.85645pt too high) detected at line 278
 []


Overfull \vbox (69.85645pt too high) detected at line 278
 []


Overfull \vbox (70.85645pt too high) detected at line 278
 []


Overfull \vbox (71.85645pt too high) detected at line 278
 []


Overfull \vbox (72.85645pt too high) detected at line 278
 []


Overfull \vbox (73.85645pt too high) detected at line 278
 []


Overfull \vbox (74.85645pt too high) detected at line 278
 []


Overfull \vbox (75.85645pt too high) detected at line 278
 []


Overfull \vbox (76.85645pt too high) detected at line 278
 []


Overfull \vbox (77.85645pt too high) detected at line 278
 []


Overfull \vbox (78.85645pt too high) detected at line 278
 []


Overfull \vbox (79.85645pt too high) detected at line 278
 []


Overfull \vbox (80.85645pt too high) detected at line 278
 []


Overfull \vbox (81.85645pt too high) detected at line 278
 []


Overfull \vbox (82.85645pt too high) detected at line 278
 []


Overfull \vbox (83.85645pt too high) detected at line 278
 []


Overfull \vbox (84.85645pt too high) detected at line 278
 []


Overfull \vbox (85.85645pt too high) detected at line 278
 []


Overfull \vbox (86.85645pt too high) detected at line 278
 []


Overfull \vbox (87.85645pt too high) detected at line 278
 []


Overfull \vbox (88.85645pt too high) detected at line 278
 []


Overfull \vbox (89.85645pt too high) detected at line 278
 []


Overfull \vbox (90.85645pt too high) detected at line 278
 []


Overfull \vbox (91.85645pt too high) detected at line 278
 []


Overfull \vbox (92.85645pt too high) detected at line 278
 []


Overfull \vbox (93.85645pt too high) detected at line 278
 []


Overfull \vbox (94.85645pt too high) detected at line 278
 []


Overfull \vbox (95.85645pt too high) detected at line 278
 []


Overfull \vbox (96.85645pt too high) detected at line 278
 []


Overfull \vbox (97.85645pt too high) detected at line 278
 []


Overfull \vbox (98.85645pt too high) detected at line 278
 []


Overfull \vbox (99.85645pt too high) detected at line 278
 []


Overfull \vbox (100.85645pt too high) detected at line 278
 []


Overfull \vbox (101.85645pt too high) detected at line 278
 []


Overfull \vbox (102.85645pt too high) detected at line 278
 []


Overfull \vbox (103.85645pt too high) detected at line 278
 []


Overfull \vbox (104.85645pt too high) detected at line 278
 []


Overfull \vbox (105.85645pt too high) detected at line 278
 []


Overfull \vbox (106.85645pt too high) detected at line 278
 []


Overfull \vbox (107.85645pt too high) detected at line 278
 []


Overfull \vbox (108.85645pt too high) detected at line 278
 []


Overfull \vbox (109.85645pt too high) detected at line 278
 []


Overfull \vbox (110.85645pt too high) detected at line 278
 []


Overfull \vbox (111.85645pt too high) detected at line 278
 []


Overfull \vbox (112.85645pt too high) detected at line 278
 []


Overfull \vbox (113.85645pt too high) detected at line 278
 []


Overfull \vbox (114.85645pt too high) detected at line 278
 []


Overfull \vbox (115.85645pt too high) detected at line 278
 []


Overfull \vbox (116.85645pt too high) detected at line 278
 []


Overfull \vbox (117.85645pt too high) detected at line 278
 []


Overfull \vbox (118.85645pt too high) detected at line 278
 []


Overfull \vbox (119.85645pt too high) detected at line 278
 []


Overfull \vbox (120.85645pt too high) detected at line 278
 []


Overfull \vbox (121.85645pt too high) detected at line 278
 []


Overfull \vbox (122.85645pt too high) detected at line 278
 []


Overfull \vbox (123.85645pt too high) detected at line 278
 []


Overfull \vbox (124.85645pt too high) detected at line 278
 []


Overfull \vbox (125.85645pt too high) detected at line 278
 []


Overfull \vbox (126.85645pt too high) detected at line 278
 []


Overfull \vbox (127.85645pt too high) detected at line 278
 []


Package mdframed Warning: correct box splittet fails
 It seems you are using a non splittable contents
(mdframed)                 on input line 278.

Package mdframed Info: You first box width is to small
 mdframed fixed it
(mdframed)              on input line 278.
[7] [8]
Package mdframed Info: mdframed detected package amsthm 
 changed the theorem header of amsthm
(mdframed)              on input line 284.
Package mdframed Info: mdframed detected package amsthm 
 changed the theorem header of amsthm
(mdframed)              on input line 290.
Package mdframed Info: Box was splittet wrong
 starting loop to iterate the splitting point
(mdframed)              on input line 320.
 [9]
Package mdframed Info: mdframed detected package amsthm 
 changed the theorem header of amsthm
(mdframed)              on input line 330.
 [10]
Package mdframed Info: mdframed detected package amsthm 
 changed the theorem header of amsthm
(mdframed)              on input line 337.
Package mdframed Info: mdframed detected package amsthm 
 changed the theorem header of amsthm
(mdframed)              on input line 343.
Package mdframed Info: mdframed detected package amsthm 
 changed the theorem header of amsthm
(mdframed)              on input line 354.
LaTeX Font Info:    Trying to load font information for T1+cmtt on input line 3
57.
 (/usr/local/texlive/2022/texmf-dist/tex/latex/base/t1cmtt.fd
File: t1cmtt.fd 2019/12/16 v2.5j Standard LaTeX font definitions
)
Package mdframed Info: mdframed detected package amsthm 
 changed the theorem header of amsthm
(mdframed)              on input line 368.

Overfull \vbox (73.27425pt too high) detected at line 369
 []

Package mdframed Info: Box was splittet wrong
 starting loop to iterate the splitting point
(mdframed)              on input line 369.

Overfull \vbox (74.27425pt too high) detected at line 369
 []


Overfull \vbox (75.27425pt too high) detected at line 369
 []


Overfull \vbox (76.27425pt too high) detected at line 369
 []


Overfull \vbox (77.27425pt too high) detected at line 369
 []


Overfull \vbox (78.27425pt too high) detected at line 369
 []


Overfull \vbox (79.27425pt too high) detected at line 369
 []


Overfull \vbox (80.27425pt too high) detected at line 369
 []


Overfull \vbox (81.27425pt too high) detected at line 369
 []


Overfull \vbox (82.27425pt too high) detected at line 369
 []


Overfull \vbox (83.27425pt too high) detected at line 369
 []


Overfull \vbox (84.27425pt too high) detected at line 369
 []


Overfull \vbox (85.27425pt too high) detected at line 369
 []


Overfull \vbox (86.27425pt too high) detected at line 369
 []


Overfull \vbox (87.27425pt too high) detected at line 369
 []


Overfull \vbox (88.27425pt too high) detected at line 369
 []


Overfull \vbox (89.27425pt too high) detected at line 369
 []


Overfull \vbox (90.27425pt too high) detected at line 369
 []


Overfull \vbox (91.27425pt too high) detected at line 369
 []


Overfull \vbox (92.27425pt too high) detected at line 369
 []


Overfull \vbox (93.27425pt too high) detected at line 369
 []


Overfull \vbox (94.27425pt too high) detected at line 369
 []


Overfull \vbox (95.27425pt too high) detected at line 369
 []


Overfull \vbox (96.27425pt too high) detected at line 369
 []


Overfull \vbox (97.27425pt too high) detected at line 369
 []


Overfull \vbox (98.27425pt too high) detected at line 369
 []


Overfull \vbox (99.27425pt too high) detected at line 369
 []


Overfull \vbox (100.27425pt too high) detected at line 369
 []


Overfull \vbox (101.27425pt too high) detected at line 369
 []


Overfull \vbox (102.27425pt too high) detected at line 369
 []


Overfull \vbox (103.27425pt too high) detected at line 369
 []


Overfull \vbox (104.27425pt too high) detected at line 369
 []


Overfull \vbox (105.27425pt too high) detected at line 369
 []


Overfull \vbox (106.27425pt too high) detected at line 369
 []


Overfull \vbox (107.27425pt too high) detected at line 369
 []


Overfull \vbox (108.27425pt too high) detected at line 369
 []


Overfull \vbox (109.27425pt too high) detected at line 369
 []


Overfull \vbox (110.27425pt too high) detected at line 369
 []


Overfull \vbox (111.27425pt too high) detected at line 369
 []


Overfull \vbox (112.27425pt too high) detected at line 369
 []


Overfull \vbox (113.27425pt too high) detected at line 369
 []


Overfull \vbox (114.27425pt too high) detected at line 369
 []


Overfull \vbox (115.27425pt too high) detected at line 369
 []


Overfull \vbox (116.27425pt too high) detected at line 369
 []


Overfull \vbox (117.27425pt too high) detected at line 369
 []


Overfull \vbox (118.27425pt too high) detected at line 369
 []


Overfull \vbox (119.27425pt too high) detected at line 369
 []


Overfull \vbox (120.27425pt too high) detected at line 369
 []


Overfull \vbox (121.27425pt too high) detected at line 369
 []


Overfull \vbox (122.27425pt too high) detected at line 369
 []


Overfull \vbox (123.27425pt too high) detected at line 369
 []


Overfull \vbox (124.27425pt too high) detected at line 369
 []


Overfull \vbox (125.27425pt too high) detected at line 369
 []


Overfull \vbox (126.27425pt too high) detected at line 369
 []


Overfull \vbox (127.27425pt too high) detected at line 369
 []


Overfull \vbox (128.27425pt too high) detected at line 369
 []


Overfull \vbox (129.27425pt too high) detected at line 369
 []


Overfull \vbox (130.27425pt too high) detected at line 369
 []


Overfull \vbox (131.27425pt too high) detected at line 369
 []


Overfull \vbox (132.27425pt too high) detected at line 369
 []


Overfull \vbox (133.27425pt too high) detected at line 369
 []


Overfull \vbox (134.27425pt too high) detected at line 369
 []


Overfull \vbox (135.27425pt too high) detected at line 369
 []


Overfull \vbox (136.27425pt too high) detected at line 369
 []


Overfull \vbox (137.27425pt too high) detected at line 369
 []


Overfull \vbox (138.27425pt too high) detected at line 369
 []


Overfull \vbox (139.27425pt too high) detected at line 369
 []


Overfull \vbox (140.27425pt too high) detected at line 369
 []


Overfull \vbox (141.27425pt too high) detected at line 369
 []


Overfull \vbox (142.27425pt too high) detected at line 369
 []


Overfull \vbox (143.27425pt too high) detected at line 369
 []


Overfull \vbox (144.27425pt too high) detected at line 369
 []


Overfull \vbox (145.27425pt too high) detected at line 369
 []


Overfull \vbox (146.27425pt too high) detected at line 369
 []


Overfull \vbox (147.27425pt too high) detected at line 369
 []


Overfull \vbox (148.27425pt too high) detected at line 369
 []


Overfull \vbox (149.27425pt too high) detected at line 369
 []


Overfull \vbox (150.27425pt too high) detected at line 369
 []


Overfull \vbox (151.27425pt too high) detected at line 369
 []


Overfull \vbox (152.27425pt too high) detected at line 369
 []


Overfull \vbox (153.27425pt too high) detected at line 369
 []


Overfull \vbox (154.27425pt too high) detected at line 369
 []


Overfull \vbox (155.27425pt too high) detected at line 369
 []


Overfull \vbox (156.27425pt too high) detected at line 369
 []


Overfull \vbox (157.27425pt too high) detected at line 369
 []


Overfull \vbox (158.27425pt too high) detected at line 369
 []


Overfull \vbox (159.27425pt too high) detected at line 369
 []


Overfull \vbox (160.27425pt too high) detected at line 369
 []


Overfull \vbox (161.27425pt too high) detected at line 369
 []


Overfull \vbox (162.27425pt too high) detected at line 369
 []


Overfull \vbox (163.27425pt too high) detected at line 369
 []


Overfull \vbox (164.27425pt too high) detected at line 369
 []


Overfull \vbox (165.27425pt too high) detected at line 369
 []


Overfull \vbox (166.27425pt too high) detected at line 369
 []


Overfull \vbox (167.27425pt too high) detected at line 369
 []


Overfull \vbox (168.27425pt too high) detected at line 369
 []


Overfull \vbox (169.27425pt too high) detected at line 369
 []


Overfull \vbox (170.27425pt too high) detected at line 369
 []


Overfull \vbox (171.27425pt too high) detected at line 369
 []


Overfull \vbox (172.27425pt too high) detected at line 369
 []


Overfull \vbox (173.27425pt too high) detected at line 369
 []


Overfull \vbox (174.27425pt too high) detected at line 369
 []


Package mdframed Warning: correct box splittet fails
 It seems you are using a non splittable contents
(mdframed)                 on input line 369.

Package mdframed Info: You first box width is to small
 mdframed fixed it
(mdframed)              on input line 369.
[11]
Package mdframed Info: mdframed detected package amsthm 
 changed the theorem header of amsthm
(mdframed)              on input line 374.
Package mdframed Info: mdframed detected package amsthm 
 changed the theorem header of amsthm
(mdframed)              on input line 380.
Package mdframed Info: mdframed detected package amsthm 
 changed the theorem header of amsthm
(mdframed)              on input line 386.
 [12] (./Tutorial_5_Questions_Only.aux)
Package rerunfilecheck Info: File `Tutorial_5_Questions_Only.out' has not chang
ed.
(rerunfilecheck)             Checksum: 59B20879924FDF26D268DA537F6DD0BD;1900.
 ) 
Here is how much of TeX's memory you used:
 12240 strings out of 478268
 191080 string characters out of 5846347
 514072 words of memory out of 5000000
 30235 multiletter control sequences out of 15000+600000
 484494 words of font info for 65 fonts, out of 8000000 for 9000
 1141 hyphenation exceptions out of 8191
 68i,12n,77p,1214b,633s stack positions out of 10000i,1000n,20000p,200000b,200000s
{/usr/local/texlive/2022/texmf-dist/fonts/enc/dvips/cm-super/cm-super-t1.enc}
{/usr/local/texlive/2022/texmf-dist/fonts/enc/dvips/cm-super/cm-super-ts1.enc}<
/usr/local/texlive/2022/texmf-dist/fonts/type1/public/amsfonts/cm/cmex10.pfb></
usr/local/texlive/2022/texmf-dist/fonts/type1/public/amsfonts/cm/cmmi10.pfb></u
sr/local/texlive/2022/texmf-dist/fonts/type1/public/amsfonts/cm/cmmi8.pfb></usr
/local/texlive/2022/texmf-dist/fonts/type1/public/amsfonts/cm/cmr10.pfb></usr/l
ocal/texlive/2022/texmf-dist/fonts/type1/public/amsfonts/cm/cmr8.pfb></usr/loca
l/texlive/2022/texmf-dist/fonts/type1/public/amsfonts/cm/cmsy10.pfb></usr/local
/texlive/2022/texmf-dist/fonts/type1/public/amsfonts/cm/cmsy8.pfb></usr/local/t
exlive/2022/texmf-dist/fonts/type1/public/cm-super/sfbx1095.pfb></usr/local/tex
live/2022/texmf-dist/fonts/type1/public/cm-super/sfbx1200.pfb></usr/local/texli
ve/2022/texmf-dist/fonts/type1/public/cm-super/sfbx1728.pfb></usr/local/texlive
/2022/texmf-dist/fonts/type1/public/cm-super/sfrm0800.pfb></usr/local/texlive/2
022/texmf-dist/fonts/type1/public/cm-super/sfrm1000.pfb></usr/local/texlive/202
2/texmf-dist/fonts/type1/public/cm-super/sfrm1095.pfb></usr/local/texlive/2022/
texmf-dist/fonts/type1/public/cm-super/sfrm1200.pfb></usr/local/texlive/2022/te
xmf-dist/fonts/type1/public/cm-super/sfrm1440.pfb></usr/local/texlive/2022/texm
f-dist/fonts/type1/public/cm-super/sfti1095.pfb></usr/local/texlive/2022/texmf-
dist/fonts/type1/public/cm-super/sftt1095.pfb>
Output written on Tutorial_5_Questions_Only.pdf (12 pages, 294008 bytes).
PDF statistics:
 211 PDF objects out of 1000 (max. 8388607)
 160 compressed objects within 2 object streams
 48 named destinations out of 1000 (max. 500000)
 41 words of extra memory for PDF output out of 10000 (max. 10000000)

